  Events.cpp
C:\Users\olegm\Source\Repos\Hotline_Zhuraki\Classes.h(47,29): warning C4244: '+=': conversion from 'double' to 'T', possible loss of data
C:\Users\olegm\Source\Repos\Hotline_Zhuraki\Classes.h(47,29): warning C4244:         with
C:\Users\olegm\Source\Repos\Hotline_Zhuraki\Classes.h(47,29): warning C4244:         [
C:\Users\olegm\Source\Repos\Hotline_Zhuraki\Classes.h(47,29): warning C4244:             T=float
C:\Users\olegm\Source\Repos\Hotline_Zhuraki\Classes.h(47,29): warning C4244:         ]
  (compiling source file 'Events.cpp')
  
C:\Users\olegm\Source\Repos\Hotline_Zhuraki\Classes.h(48,29): warning C4244: '+=': conversion from 'double' to 'T', possible loss of data
C:\Users\olegm\Source\Repos\Hotline_Zhuraki\Classes.h(48,29): warning C4244:         with
C:\Users\olegm\Source\Repos\Hotline_Zhuraki\Classes.h(48,29): warning C4244:         [
C:\Users\olegm\Source\Repos\Hotline_Zhuraki\Classes.h(48,29): warning C4244:             T=float
C:\Users\olegm\Source\Repos\Hotline_Zhuraki\Classes.h(48,29): warning C4244:         ]
  (compiling source file 'Events.cpp')
  
C:\Users\olegm\Source\Repos\Hotline_Zhuraki\Classes.h(52,30): warning C4244: '+=': conversion from 'double' to 'T', possible loss of data
C:\Users\olegm\Source\Repos\Hotline_Zhuraki\Classes.h(52,30): warning C4244:         with
C:\Users\olegm\Source\Repos\Hotline_Zhuraki\Classes.h(52,30): warning C4244:         [
C:\Users\olegm\Source\Repos\Hotline_Zhuraki\Classes.h(52,30): warning C4244:             T=float
C:\Users\olegm\Source\Repos\Hotline_Zhuraki\Classes.h(52,30): warning C4244:         ]
  (compiling source file 'Events.cpp')
  
C:\Users\olegm\Source\Repos\Hotline_Zhuraki\Classes.h(53,30): warning C4244: '+=': conversion from 'double' to 'T', possible loss of data
C:\Users\olegm\Source\Repos\Hotline_Zhuraki\Classes.h(53,30): warning C4244:         with
C:\Users\olegm\Source\Repos\Hotline_Zhuraki\Classes.h(53,30): warning C4244:         [
C:\Users\olegm\Source\Repos\Hotline_Zhuraki\Classes.h(53,30): warning C4244:             T=float
C:\Users\olegm\Source\Repos\Hotline_Zhuraki\Classes.h(53,30): warning C4244:         ]
  (compiling source file 'Events.cpp')
  
C:\Users\olegm\Source\Repos\Hotline_Zhuraki\Classes.h(57,29): warning C4244: '+=': conversion from 'double' to 'T', possible loss of data
C:\Users\olegm\Source\Repos\Hotline_Zhuraki\Classes.h(57,29): warning C4244:         with
C:\Users\olegm\Source\Repos\Hotline_Zhuraki\Classes.h(57,29): warning C4244:         [
C:\Users\olegm\Source\Repos\Hotline_Zhuraki\Classes.h(57,29): warning C4244:             T=float
C:\Users\olegm\Source\Repos\Hotline_Zhuraki\Classes.h(57,29): warning C4244:         ]
  (compiling source file 'Events.cpp')
  
C:\Users\olegm\Source\Repos\Hotline_Zhuraki\Classes.h(58,30): warning C4244: '+=': conversion from 'double' to 'T', possible loss of data
C:\Users\olegm\Source\Repos\Hotline_Zhuraki\Classes.h(58,30): warning C4244:         with
C:\Users\olegm\Source\Repos\Hotline_Zhuraki\Classes.h(58,30): warning C4244:         [
C:\Users\olegm\Source\Repos\Hotline_Zhuraki\Classes.h(58,30): warning C4244:             T=float
C:\Users\olegm\Source\Repos\Hotline_Zhuraki\Classes.h(58,30): warning C4244:         ]
  (compiling source file 'Events.cpp')
  
C:\Users\olegm\Source\Repos\Hotline_Zhuraki\Classes.h(62,30): warning C4244: '+=': conversion from 'double' to 'T', possible loss of data
C:\Users\olegm\Source\Repos\Hotline_Zhuraki\Classes.h(62,30): warning C4244:         with
C:\Users\olegm\Source\Repos\Hotline_Zhuraki\Classes.h(62,30): warning C4244:         [
C:\Users\olegm\Source\Repos\Hotline_Zhuraki\Classes.h(62,30): warning C4244:             T=float
C:\Users\olegm\Source\Repos\Hotline_Zhuraki\Classes.h(62,30): warning C4244:         ]
  (compiling source file 'Events.cpp')
  
C:\Users\olegm\Source\Repos\Hotline_Zhuraki\Classes.h(63,29): warning C4244: '+=': conversion from 'double' to 'T', possible loss of data
C:\Users\olegm\Source\Repos\Hotline_Zhuraki\Classes.h(63,29): warning C4244:         with
C:\Users\olegm\Source\Repos\Hotline_Zhuraki\Classes.h(63,29): warning C4244:         [
C:\Users\olegm\Source\Repos\Hotline_Zhuraki\Classes.h(63,29): warning C4244:             T=float
C:\Users\olegm\Source\Repos\Hotline_Zhuraki\Classes.h(63,29): warning C4244:         ]
  (compiling source file 'Events.cpp')
  
C:\Users\olegm\Source\Repos\Hotline_Zhuraki\Classes.h(119,31): warning C4244: 'argument': conversion from 'int' to 'T', possible loss of data
C:\Users\olegm\Source\Repos\Hotline_Zhuraki\Classes.h(119,31): warning C4244:         with
C:\Users\olegm\Source\Repos\Hotline_Zhuraki\Classes.h(119,31): warning C4244:         [
C:\Users\olegm\Source\Repos\Hotline_Zhuraki\Classes.h(119,31): warning C4244:             T=float
C:\Users\olegm\Source\Repos\Hotline_Zhuraki\Classes.h(119,31): warning C4244:         ]
  (compiling source file 'Events.cpp')
  
C:\Users\olegm\Source\Repos\Hotline_Zhuraki\Events.cpp(41,19): warning C4244: '+=': conversion from 'double' to 'T', possible loss of data
C:\Users\olegm\Source\Repos\Hotline_Zhuraki\Events.cpp(41,19): warning C4244:         with
C:\Users\olegm\Source\Repos\Hotline_Zhuraki\Events.cpp(41,19): warning C4244:         [
C:\Users\olegm\Source\Repos\Hotline_Zhuraki\Events.cpp(41,19): warning C4244:             T=float
C:\Users\olegm\Source\Repos\Hotline_Zhuraki\Events.cpp(41,19): warning C4244:         ]
C:\Users\olegm\Source\Repos\Hotline_Zhuraki\Events.cpp(42,19): warning C4244: '+=': conversion from 'double' to 'T', possible loss of data
C:\Users\olegm\Source\Repos\Hotline_Zhuraki\Events.cpp(42,19): warning C4244:         with
C:\Users\olegm\Source\Repos\Hotline_Zhuraki\Events.cpp(42,19): warning C4244:         [
C:\Users\olegm\Source\Repos\Hotline_Zhuraki\Events.cpp(42,19): warning C4244:             T=float
C:\Users\olegm\Source\Repos\Hotline_Zhuraki\Events.cpp(42,19): warning C4244:         ]
C:\Users\olegm\Source\Repos\Hotline_Zhuraki\Events.cpp(46,20): warning C4244: '+=': conversion from 'double' to 'T', possible loss of data
C:\Users\olegm\Source\Repos\Hotline_Zhuraki\Events.cpp(46,20): warning C4244:         with
C:\Users\olegm\Source\Repos\Hotline_Zhuraki\Events.cpp(46,20): warning C4244:         [
C:\Users\olegm\Source\Repos\Hotline_Zhuraki\Events.cpp(46,20): warning C4244:             T=float
C:\Users\olegm\Source\Repos\Hotline_Zhuraki\Events.cpp(46,20): warning C4244:         ]
C:\Users\olegm\Source\Repos\Hotline_Zhuraki\Events.cpp(47,20): warning C4244: '+=': conversion from 'double' to 'T', possible loss of data
C:\Users\olegm\Source\Repos\Hotline_Zhuraki\Events.cpp(47,20): warning C4244:         with
C:\Users\olegm\Source\Repos\Hotline_Zhuraki\Events.cpp(47,20): warning C4244:         [
C:\Users\olegm\Source\Repos\Hotline_Zhuraki\Events.cpp(47,20): warning C4244:             T=float
C:\Users\olegm\Source\Repos\Hotline_Zhuraki\Events.cpp(47,20): warning C4244:         ]
C:\Users\olegm\Source\Repos\Hotline_Zhuraki\Events.cpp(51,19): warning C4244: '+=': conversion from 'double' to 'T', possible loss of data
C:\Users\olegm\Source\Repos\Hotline_Zhuraki\Events.cpp(51,19): warning C4244:         with
C:\Users\olegm\Source\Repos\Hotline_Zhuraki\Events.cpp(51,19): warning C4244:         [
C:\Users\olegm\Source\Repos\Hotline_Zhuraki\Events.cpp(51,19): warning C4244:             T=float
C:\Users\olegm\Source\Repos\Hotline_Zhuraki\Events.cpp(51,19): warning C4244:         ]
C:\Users\olegm\Source\Repos\Hotline_Zhuraki\Events.cpp(52,20): warning C4244: '+=': conversion from 'double' to 'T', possible loss of data
C:\Users\olegm\Source\Repos\Hotline_Zhuraki\Events.cpp(52,20): warning C4244:         with
C:\Users\olegm\Source\Repos\Hotline_Zhuraki\Events.cpp(52,20): warning C4244:         [
C:\Users\olegm\Source\Repos\Hotline_Zhuraki\Events.cpp(52,20): warning C4244:             T=float
C:\Users\olegm\Source\Repos\Hotline_Zhuraki\Events.cpp(52,20): warning C4244:         ]
C:\Users\olegm\Source\Repos\Hotline_Zhuraki\Events.cpp(56,20): warning C4244: '+=': conversion from 'double' to 'T', possible loss of data
C:\Users\olegm\Source\Repos\Hotline_Zhuraki\Events.cpp(56,20): warning C4244:         with
C:\Users\olegm\Source\Repos\Hotline_Zhuraki\Events.cpp(56,20): warning C4244:         [
C:\Users\olegm\Source\Repos\Hotline_Zhuraki\Events.cpp(56,20): warning C4244:             T=float
C:\Users\olegm\Source\Repos\Hotline_Zhuraki\Events.cpp(56,20): warning C4244:         ]
C:\Users\olegm\Source\Repos\Hotline_Zhuraki\Events.cpp(57,19): warning C4244: '+=': conversion from 'double' to 'T', possible loss of data
C:\Users\olegm\Source\Repos\Hotline_Zhuraki\Events.cpp(57,19): warning C4244:         with
C:\Users\olegm\Source\Repos\Hotline_Zhuraki\Events.cpp(57,19): warning C4244:         [
C:\Users\olegm\Source\Repos\Hotline_Zhuraki\Events.cpp(57,19): warning C4244:             T=float
C:\Users\olegm\Source\Repos\Hotline_Zhuraki\Events.cpp(57,19): warning C4244:         ]
C:\Users\olegm\Source\Repos\Hotline_Zhuraki\Events.cpp(100,28): warning C4244: '=': conversion from 'int' to 'T', possible loss of data
C:\Users\olegm\Source\Repos\Hotline_Zhuraki\Events.cpp(100,28): warning C4244:         with
C:\Users\olegm\Source\Repos\Hotline_Zhuraki\Events.cpp(100,28): warning C4244:         [
C:\Users\olegm\Source\Repos\Hotline_Zhuraki\Events.cpp(100,28): warning C4244:             T=float
C:\Users\olegm\Source\Repos\Hotline_Zhuraki\Events.cpp(100,28): warning C4244:         ]
C:\Users\olegm\Source\Repos\Hotline_Zhuraki\Events.cpp(101,28): warning C4244: '=': conversion from 'int' to 'T', possible loss of data
C:\Users\olegm\Source\Repos\Hotline_Zhuraki\Events.cpp(101,28): warning C4244:         with
C:\Users\olegm\Source\Repos\Hotline_Zhuraki\Events.cpp(101,28): warning C4244:         [
C:\Users\olegm\Source\Repos\Hotline_Zhuraki\Events.cpp(101,28): warning C4244:             T=float
C:\Users\olegm\Source\Repos\Hotline_Zhuraki\Events.cpp(101,28): warning C4244:         ]
  Source.cpp
C:\Users\olegm\Source\Repos\Hotline_Zhuraki\Classes.h(47,29): warning C4244: '+=': conversion from 'double' to 'T', possible loss of data
C:\Users\olegm\Source\Repos\Hotline_Zhuraki\Classes.h(47,29): warning C4244:         with
C:\Users\olegm\Source\Repos\Hotline_Zhuraki\Classes.h(47,29): warning C4244:         [
C:\Users\olegm\Source\Repos\Hotline_Zhuraki\Classes.h(47,29): warning C4244:             T=float
C:\Users\olegm\Source\Repos\Hotline_Zhuraki\Classes.h(47,29): warning C4244:         ]
  (compiling source file 'Source.cpp')
  
C:\Users\olegm\Source\Repos\Hotline_Zhuraki\Classes.h(48,29): warning C4244: '+=': conversion from 'double' to 'T', possible loss of data
C:\Users\olegm\Source\Repos\Hotline_Zhuraki\Classes.h(48,29): warning C4244:         with
C:\Users\olegm\Source\Repos\Hotline_Zhuraki\Classes.h(48,29): warning C4244:         [
C:\Users\olegm\Source\Repos\Hotline_Zhuraki\Classes.h(48,29): warning C4244:             T=float
C:\Users\olegm\Source\Repos\Hotline_Zhuraki\Classes.h(48,29): warning C4244:         ]
  (compiling source file 'Source.cpp')
  
C:\Users\olegm\Source\Repos\Hotline_Zhuraki\Classes.h(52,30): warning C4244: '+=': conversion from 'double' to 'T', possible loss of data
C:\Users\olegm\Source\Repos\Hotline_Zhuraki\Classes.h(52,30): warning C4244:         with
C:\Users\olegm\Source\Repos\Hotline_Zhuraki\Classes.h(52,30): warning C4244:         [
C:\Users\olegm\Source\Repos\Hotline_Zhuraki\Classes.h(52,30): warning C4244:             T=float
C:\Users\olegm\Source\Repos\Hotline_Zhuraki\Classes.h(52,30): warning C4244:         ]
  (compiling source file 'Source.cpp')
  
C:\Users\olegm\Source\Repos\Hotline_Zhuraki\Classes.h(53,30): warning C4244: '+=': conversion from 'double' to 'T', possible loss of data
C:\Users\olegm\Source\Repos\Hotline_Zhuraki\Classes.h(53,30): warning C4244:         with
C:\Users\olegm\Source\Repos\Hotline_Zhuraki\Classes.h(53,30): warning C4244:         [
C:\Users\olegm\Source\Repos\Hotline_Zhuraki\Classes.h(53,30): warning C4244:             T=float
C:\Users\olegm\Source\Repos\Hotline_Zhuraki\Classes.h(53,30): warning C4244:         ]
  (compiling source file 'Source.cpp')
  
C:\Users\olegm\Source\Repos\Hotline_Zhuraki\Classes.h(57,29): warning C4244: '+=': conversion from 'double' to 'T', possible loss of data
C:\Users\olegm\Source\Repos\Hotline_Zhuraki\Classes.h(57,29): warning C4244:         with
C:\Users\olegm\Source\Repos\Hotline_Zhuraki\Classes.h(57,29): warning C4244:         [
C:\Users\olegm\Source\Repos\Hotline_Zhuraki\Classes.h(57,29): warning C4244:             T=float
C:\Users\olegm\Source\Repos\Hotline_Zhuraki\Classes.h(57,29): warning C4244:         ]
  (compiling source file 'Source.cpp')
  
C:\Users\olegm\Source\Repos\Hotline_Zhuraki\Classes.h(58,30): warning C4244: '+=': conversion from 'double' to 'T', possible loss of data
C:\Users\olegm\Source\Repos\Hotline_Zhuraki\Classes.h(58,30): warning C4244:         with
C:\Users\olegm\Source\Repos\Hotline_Zhuraki\Classes.h(58,30): warning C4244:         [
C:\Users\olegm\Source\Repos\Hotline_Zhuraki\Classes.h(58,30): warning C4244:             T=float
C:\Users\olegm\Source\Repos\Hotline_Zhuraki\Classes.h(58,30): warning C4244:         ]
  (compiling source file 'Source.cpp')
  
C:\Users\olegm\Source\Repos\Hotline_Zhuraki\Classes.h(62,30): warning C4244: '+=': conversion from 'double' to 'T', possible loss of data
C:\Users\olegm\Source\Repos\Hotline_Zhuraki\Classes.h(62,30): warning C4244:         with
C:\Users\olegm\Source\Repos\Hotline_Zhuraki\Classes.h(62,30): warning C4244:         [
C:\Users\olegm\Source\Repos\Hotline_Zhuraki\Classes.h(62,30): warning C4244:             T=float
C:\Users\olegm\Source\Repos\Hotline_Zhuraki\Classes.h(62,30): warning C4244:         ]
  (compiling source file 'Source.cpp')
  
C:\Users\olegm\Source\Repos\Hotline_Zhuraki\Classes.h(63,29): warning C4244: '+=': conversion from 'double' to 'T', possible loss of data
C:\Users\olegm\Source\Repos\Hotline_Zhuraki\Classes.h(63,29): warning C4244:         with
C:\Users\olegm\Source\Repos\Hotline_Zhuraki\Classes.h(63,29): warning C4244:         [
C:\Users\olegm\Source\Repos\Hotline_Zhuraki\Classes.h(63,29): warning C4244:             T=float
C:\Users\olegm\Source\Repos\Hotline_Zhuraki\Classes.h(63,29): warning C4244:         ]
  (compiling source file 'Source.cpp')
  
C:\Users\olegm\Source\Repos\Hotline_Zhuraki\Classes.h(119,31): warning C4244: 'argument': conversion from 'int' to 'T', possible loss of data
C:\Users\olegm\Source\Repos\Hotline_Zhuraki\Classes.h(119,31): warning C4244:         with
C:\Users\olegm\Source\Repos\Hotline_Zhuraki\Classes.h(119,31): warning C4244:         [
C:\Users\olegm\Source\Repos\Hotline_Zhuraki\Classes.h(119,31): warning C4244:             T=float
C:\Users\olegm\Source\Repos\Hotline_Zhuraki\Classes.h(119,31): warning C4244:         ]
  (compiling source file 'Source.cpp')
  
C:\Users\olegm\Source\Repos\Hotline_Zhuraki\Source.cpp(70,20): warning C4267: 'initializing': conversion from 'size_t' to 'int', possible loss of data
C:\Users\olegm\Source\Repos\Hotline_Zhuraki\Source.cpp(72,24): warning C4267: 'initializing': conversion from 'size_t' to 'int', possible loss of data
C:\Users\olegm\Source\Repos\Hotline_Zhuraki\Source.cpp(85,20): warning C4267: 'initializing': conversion from 'size_t' to 'int', possible loss of data
  Generating code
  Previous IPDB not found, fall back to full compilation.
  All 350 functions were compiled because no usable IPDB/IOBJ from previous compilation was found.
  Finished generating code
  2d Shooter.vcxproj -> C:\Users\olegm\Source\Repos\Hotline_Zhuraki\x64\Release\2d Shooter.exe
